../Core/Src/main.c:86:19:LSM6DSL_WriteReg	32	static
../Core/Src/main.c:91:19:LSM6DSL_ReadReg	32	static
../Core/Src/main.c:96:19:LSM6DSL_ReadRegs	32	static
../Core/Src/main.c:101:19:LSM6DSL_Init	16	static
../Core/Src/main.c:123:19:LSM6DSL_ReadGyro	32	static
../Core/Src/main.c:140:7:LSM6DSL_ConvertGyro	16	static
../Core/Src/main.c:146:5:_write	24	static
../Core/Src/main.c:156:5:main	32	static
../Core/Src/main.c:235:6:SystemClock_Config	96	static
../Core/Src/main.c:296:13:MX_DFSDM1_Init	8	static
../Core/Src/main.c:334:13:MX_I2C2_Init	8	static
../Core/Src/main.c:382:13:MX_QUADSPI_Init	8	static
../Core/Src/main.c:415:13:MX_SPI3_Init	8	static
../Core/Src/main.c:455:13:MX_USART1_UART_Init	8	static
../Core/Src/main.c:490:13:MX_USART3_UART_Init	8	static
../Core/Src/main.c:525:13:MX_USB_OTG_FS_PCD_Init	8	static
../Core/Src/main.c:560:13:MX_GPIO_Init	48	static
../Core/Src/main.c:756:6:Error_Handler	4	static,ignoring_inline_asm
